// Jest Snapshot v1, https://goo.gl/fbAQLP

exports[`matches snapshot 1`] = `
<DocumentFragment>
  <h1>
    Add a Todo!
  </h1>
  <form>
    <label
      for="todo"
    >
      Todo
    </label>
    <input
      id="todo"
      name="todo"
      placeholder="Todo"
      type="text"
      value=""
    />
    <button
      class="NewTodoForm-submitButton"
    >
      Add Todo
    </button>
  </form>
  <ul>
    <b>
      Todo List:
    </b>
  </ul>
</DocumentFragment>
`;
